.\.venv\Scripts\python.exe : 
C:\Users\nikolas.wostor\Documents\GitHub\Nimbus\.venv\Scripts\python.exe: 
can't open file 
'C:\\Users\\nikolas.wostor\\Documents\\GitHub\\Nimbus\\test_analysis.py': 
[Errno 2] No such file or directory
No linha:1 caractere:1
+ .\.venv\Scripts\python.exe -u "test_analysis.py" > test_output.txt 2> ...
+ ~~~~~~~~~~~~~~~~~~~~~~~~~~~~~~~~~~~~~~~~~~~~~~~~~~~~~~~~~~~~~~~~~~~~~
    + CategoryInfo          : NotSpecified: (C:\Users\nikola...le or directory 
   :String) [], RemoteException
    + FullyQualifiedErrorId : NativeCommandError
 
